C:\Users\24153568\Documents\tarde>git clone https://github.com/sphmc/Versionamento
Cloning into 'Versionamento'...
remote: Enumerating objects: 9, done.
remote: Counting objects: 100% (9/9), done.
remote: Compressing objects: 100% (9/9), done.
remote: Total 9 (delta 1), reused 8 (delta 0), pack-reused 0
Receiving objects: 100% (9/9), 89.75 KiB | 44.87 MiB/s, done.
Resolving deltas: 100% (1/1), done.


novo:

Untracked files:
  (use "git add <file>..." to include in what will be committed)
        comando da tarde.txt
        git

nothing added to commit but untracked files present (use "git add" to track)

C:\Users\24153568\Documents\tarde\Versionamento>git add .

C:\Users\24153568\Documents\tarde\Versionamento>git status
On branch main
Your branch is up to date with 'origin/main'.

Changes to be committed:
  (use "git restore --staged <file>..." to unstage)
        new file:   comando da tarde.txt
        new file:   git

novo2

[main 98526cb] arquivo de comando da tarde .TXT
 2 files changed, 9 insertions(+)
 create mode 100644 comando da tarde.txt
 create mode 100644 git